// Jest Snapshot v1, https://goo.gl/fbAQLP

exports[`Nav Component matches snapshot 1`] = `
<DocumentFragment>
  <header
    class="flex-row space-between"
  >
    <h2>
      <a
        data-testid="link"
        href="/"
      >
        <span
          aria-label="camera"
          role="img"
        >
          ðŸ“¸
        </span>
        Oh Snap!
      </a>
    </h2>
    <nav>
      <ul
        class="flex-row space-between"
      >
        <li
          class="mx-2"
        >
          <a
            data-testid="about"
            href="#about"
          >
            About Me
          </a>
        </li>
        <li>
          <span>
            Contact
          </span>
        </li>
      </ul>
    </nav>
  </header>
</DocumentFragment>
`;
